.\gradlew.bat : 
At line:2 char:1
+ .\gradlew.bat assembleDebug > build_output.log 2>&1; $LASTEXITCODE
+ ~~~~~~~~~~~~~~~~~~~~~~~~~~~~~~~~~~~~~~~~~~~~~~~~~~~
    + CategoryInfo          : NotSpecified: (:String) [], RemoteException
    + FullyQualifiedErrorId : NativeCommandError
 
FAILURE: Build failed with an exception.

* What went wrong:
Timeout waiting to lock Configuration Cache (C:\Users\28219\Desktop\program\.gradle\configuration-cache). It is current
ly in use by another process.
Owner PID: 56884
Our PID: 12116
Owner Operation: 
Our operation: 
Lock file: C:\Users\28219\Desktop\program\.gradle\configuration-cache\configuration-cache.lock

* Try:
> Run with --stacktrace option to get the stack trace.
> Run with --info or --debug option to get more log output.
> Run with --scan to get full insights from a Build Scan (powered by Develocity).
> Get more help at https://help.gradle.org.

BUILD FAILED in 1m 2s
